✔ compact card binds teams to factions and keeps vote deadline separate from match start (31.5877ms)
✔ human intake rejects bots, webhooks, DMs and unconfigured rooms (0.3761ms)
✖ received human edits remain available for backend receipt cleanup after intake moves or disables (1.8316ms)
ℹ tests 3
ℹ suites 0
ℹ pass 2
ℹ fail 1
ℹ cancelled 0
ℹ skipped 0
ℹ todo 0
ℹ duration_ms 8885.8561

✖ failing tests:

test at discord-bot\src\league\render.test.ts:2:3338
✖ received human edits remain available for backend receipt cleanup after intake moves or disables (1.8316ms)
  AssertionError [ERR_ASSERTION]: Expected values to be strictly deep-equal:

  null !== []

      at TestContext.<anonymous> ([repository]\discord-bot\src\league\render.test.ts:71:12)
      at Test.runInAsyncScope (node:async_hooks:227:14)
      at Test.run (node:internal/test_runner/test:1402:25)
      at Test.processPendingSubtests (node:internal/test_runner/test:974:18)
      at Test.postRun (node:internal/test_runner/test:1542:19)
      at Test.run (node:internal/test_runner/test:1467:12)
      at async Test.processPendingSubtests (node:internal/test_runner/test:974:7) {
    generatedMessage: true,
    code: 'ERR_ASSERTION',
    actual: null,
    expected: [],
    operator: 'deepStrictEqual',
    diff: 'simple'
  }
